<html>
  <head>
    <meta http-equiv="Content-Type" content="text/html;charset=utf-8"/>
    <link rel="stylesheet" type="text/css" href="style.css" title="Style"/>
  </head>
  <body>
    <div id="index">
      <ul>
        <li><a target="target" href="RefDefs.scala.html">RefDefs.scala</a></li>
      </ul>
    </div>
    <div id="content">
      <iframe name="target" id="target">
      </iframe>
    </div>
  </body>
</html>
