<?xml version="1.0" encoding="utf-8"?>
<!DOCTYPE html PUBLIC "-//W3C//DTD XHTML 1.0 Transitional//EN" "http://www.w3.org/TR/xhtml1/DTD/xhtml1-transitional.dtd">
<html xmlns="http://www.w3.org/1999/xhtml">
    <head>
        <meta http-equiv="Content-Type" content="text/html;charset=utf-8" ></meta>
        <title>A.scala</title>
        <script type="text/javascript" src="jquery-1.10.2.js"></script>
        <script type="text/javascript" src="jquery-scrollto-1.4.9.js"></script>
        <script type="text/javascript" src="jquery-qtip2-2.2.0.js"></script>
        <script type="text/javascript" src="linked.js"></script>
        <link rel="stylesheet" type="text/css" href="style.css" title="Style"></link>
        <link rel="stylesheet" type="text/css" href="jquery-qtip2-css-2.2.0.css" title="Style"></link>
    </head>
    <body>
        <pre>
<span class="keyword">object</span> <a title="A.type" id="A">A</a> <a href="#A" title="A.type" class="delimiter">{</a>
	<span class="keyword">val</span> <a title="B" id="A.b">b</a> = <span class="delimiter">{</span>
		<span class="comment">// FIXME: d is not linked. This only happens with a type ascription.</span>
<span class="keyword">val</span> <a title="Double =&gt; B" id="A.b.f">f</a> = <span class="delimiter">(</span>d: <span title="Double">Double</span><span class="delimiter">)</span> =&gt;
<a href="Q.scala.html#;B" title="(xyz: Int)B">B</a><span class="delimiter">(</span><a href="#A.b.f.$anonfun.d" title="Double">d</a>.<span title="=&gt; Int">toInt</span><span class="delimiter">)</span>
		<a href="#A.b.f" title="(v1: Double)B">f</a><span class="delimiter">(</span><span title="Double(3.0)" class="double">3.0</span><span class="delimiter">)</span>
	<span class="delimiter">}</span>

	<span class="keyword">val</span> <a title="B" id="A.b2">b2</a> = <span class="delimiter">{</span>
		<span class="keyword">import</span> <a href="#A.b" title="=&gt; B">b</a>.xyz
		<a href="Q.scala.html#;B" title="(xyz: Int)B">B</a><span class="delimiter">(</span><a href="Q.scala.html#;B.xyz" title="=&gt; Int">xyz</a><span class="delimiter">)</span>
	<span class="delimiter">}</span>

	<span class="comment">// FIXME: case should be typed (doesn't get the right token position, so it is disabled)</span>
	<span class="keyword">val</span> <a title="AnyVal" id="A.c">c</a> = <span class="delimiter">(</span><span title="Int(113)" class="int">113</span>: <span title="Int">Int</span><span class="delimiter">)</span> <span title="AnyVal" class="keyword">match</span> <span class="delimiter">{</span>
		<span class="keyword">case</span> <span title="Int(50)" class="int">50</span> =&gt; <span title="Int(19)" class="int">19</span>
		<span class="keyword">case</span> <span title="Int(40)" class="int">40</span> =&gt; <span title="Double(33.0)" class="double">33.0</span>
		<span class="keyword">case</span> _ =&gt; <span title="Boolean(true)" class="keyword">true</span>
	<span class="delimiter">}</span>

	<span class="keyword">val</span> <a title="Array[Int]" id="A.arr">arr</a> = <span title="(xs: Int*)List[Int]">List</span><span class="delimiter">(</span><span title="Int(3)" class="int">3</span>,<span title="Int(4)" class="int">4</span>,<span title="Int(5)" class="int">5</span><span class="delimiter">)</span>.<span title="[B &gt;: Int](implicit evidence$1: scala.reflect.ClassTag[B])Array[B]">toArray</span><span title="(implicit evidence$1: scala.reflect.ClassTag[Int])Array[Int]" class="delimiter">[</span><span title="Int">Int</span><span class="delimiter">]</span>

	<span class="keyword">def</span> <a title="(q: Q)Int" id="A.highlightInfix">highlightInfix</a><span class="delimiter">(</span><a title="Q" id="A.highlightInfix.q">q</a>: <a href="Q.scala.html#;Q" title="Q">Q</a><span class="delimiter">)</span> = <a href="#A.highlightInfix.q" title="Q">q</a> <a href="Q.scala.html#;Q.m2" title="(a: Int, b: Int)Int">m2</a> <span class="delimiter">(</span><a href="#A.highlightInfix.q" title="Q">q</a> <a href="Q.scala.html#;Q.m" title="(i: Int)Int">m</a> -<span title="Int(-3)" class="int">3</span>, <a href="#A.highlightInfix.q" title="Q">q</a>.<a href="Q.scala.html#;Q.m" title="(i: Int)Int">m</a><span class="delimiter">(</span>-<span title="Int(-4)" class="int">4</span><span class="delimiter">)</span><span class="delimiter">)</span>

<span class="delimiter">}</span>
        </pre>
    </body>
</html>
