<?xml version="1.0" encoding="utf-8"?>
<!DOCTYPE html PUBLIC "-//W3C//DTD XHTML 1.0 Transitional//EN" "http://www.w3.org/TR/xhtml1/DTD/xhtml1-transitional.dtd">
<html xmlns="http://www.w3.org/1999/xhtml">
    <head>
        <meta http-equiv="Content-Type" content="text/html;charset=utf-8" ></meta>
        <title>If.scala</title>
        <script type="text/javascript" src="jquery-1.10.2.js"></script>
        <script type="text/javascript" src="jquery-scrollto-1.4.9.js"></script>
        <script type="text/javascript" src="jquery-qtip2-2.2.0.js"></script>
        <script type="text/javascript" src="linked.js"></script>
        <link rel="stylesheet" type="text/css" href="style.css" title="Style"></link>
        <link rel="stylesheet" type="text/css" href="jquery-qtip2-css-2.2.0.css" title="Style"></link>
    </head>
    <body>
        <pre>
<span class="keyword">class</span> <a title="class If extends AnyRef" id=";If">If</a> <a href="#;If" title="If" class="delimiter">{</a>
	<span class="keyword">def</span> <a title="(flag: Boolean)AnyVal" id=";If.x">x</a><span class="delimiter">(</span><a title="Boolean" id=";If.x.flag">flag</a>: <span title="Boolean">Boolean</span><span class="delimiter">)</span> = <span title="AnyVal" class="keyword">if</span><span class="delimiter">(</span><a href="#;If.x.flag" title="Boolean">flag</a><span class="delimiter">)</span> <span title="Int(1823)" class="int">1823</span> <span class="keyword">else</span> <span title="Boolean(false)" class="keyword">false</span>
<span class="delimiter">}</span>
        </pre>
    </body>
</html>
