<html>
  <head>
    <meta http-equiv="Content-Type" content="text/html;charset=utf-8"/>
    <link rel="stylesheet" type="text/css" href="style.css" title="Style"/>
  </head>
  <body>
    <div id="index">
      <ul>
        <li><a target="target" href="A.scala.html">A.scala</a></li>
        <li><a target="target" href="Comments.scala.html">Comments.scala</a></li>
        <li><a target="target" href="Defs.scala.html">Defs.scala</a></li>
        <li><a target="target" href="If.scala.html">If.scala</a></li>
        <li><a target="target" href="Literals.scala.html">Literals.scala</a></li>
        <li><a target="target" href="NestedDefs.scala.html">NestedDefs.scala</a></li>
        <li><a target="target" href="Q.scala.html">Q.scala</a></li>
        <li><a target="target" href="XML.scala.html">XML.scala</a></li>
      </ul>
    </div>
    <div id="content">
      <iframe name="target" id="target">
      </iframe>
    </div>
  </body>
</html>
