<?xml version="1.0" encoding="utf-8"?>
<!DOCTYPE html PUBLIC "-//W3C//DTD XHTML 1.0 Transitional//EN" "http://www.w3.org/TR/xhtml1/DTD/xhtml1-transitional.dtd">
<html xmlns="http://www.w3.org/1999/xhtml">
    <head>
        <meta http-equiv="Content-Type" content="text/html;charset=utf-8" ></meta>
        <title>Literals.scala</title>
        <script type="text/javascript" src="jquery-1.10.2.js"></script>
        <script type="text/javascript" src="jquery-scrollto-1.4.9.js"></script>
        <script type="text/javascript" src="jquery-qtip2-2.2.0.js"></script>
        <script type="text/javascript" src="linked.js"></script>
        <link rel="stylesheet" type="text/css" href="style.css" title="Style"></link>
        <link rel="stylesheet" type="text/css" href="jquery-qtip2-css-2.2.0.css" title="Style"></link>
    </head>
    <body>
        <pre>
<span class="keyword">object</span> <a title="Literals.type" id="Literals">Literals</a> <a href="#Literals" title="Literals.type" class="delimiter">{</a>
	<span class="keyword">val</span> <a title="Double" id="Literals.a">a</a> = <span title="Double(3.0)" class="double">3.0</span>
	<span class="keyword">val</span> <a title="Double" id="Literals.aa">aa</a>: <span title="Double">Double</span> = <span title="Double(3.0)" class="double">3.0</span>

	<span class="keyword">val</span> <a title="Int" id="Literals.b">b</a> = <span title="Int(4)" class="int">4</span>
	<span class="keyword">val</span> <a title="Int" id="Literals.bb">bb</a>: <span title="Int">Int</span> = <span title="Int(4)" class="int">4</span>

	<span class="keyword">val</span> <a title="Float" id="Literals.c">c</a> = <span title="Float(5.0)" class="float">5.0f</span>
	<span class="keyword">val</span> <a title="Float" id="Literals.cc">cc</a>: <span title="Float">Float</span> = <span title="Float(5.0)" class="float">5.0f</span>

	<span class="keyword">val</span> <a title="Boolean" id="Literals.d">d</a> = <span title="Boolean(true)" class="keyword">true</span>
	<span class="keyword">val</span> <a title="Boolean" id="Literals.dd">dd</a>: <span title="Boolean">Boolean</span> = <span title="Boolean(false)" class="keyword">false</span>

	<span class="keyword">val</span> <a title="String" id="Literals.e">e</a> = <span title="String(&quot;asdf&quot;)" class="string">&quot;asdf&quot;</span>
	<span class="keyword">val</span> <a title="String" id="Literals.ee">ee</a>: <span title="String">String</span> = <span title="String(&quot;asdf&quot;)" class="string">&quot;asdf&quot;</span>

	<span class="keyword">val</span> <a title="Unit" id="Literals.f">f</a> = <span title="Unit" class="delimiter">(</span><span class="delimiter">)</span>
	<span class="keyword">val</span> <a title="Unit" id="Literals.ff">ff</a>: <span title="Unit">Unit</span> = <span title="Unit" class="delimiter">(</span><span class="delimiter">)</span>

	<span class="keyword">val</span> <a title="Long" id="Literals.g">g</a> = <span title="Long(93L)" class="long">93L</span>
	<span class="keyword">val</span> <a title="Long" id="Literals.gg">gg</a>: <span title="Long">Long</span> = <span title="Long(93L)" class="long">93L</span>

	<span class="keyword">val</span> <a title="Symbol" id="Literals.s">s</a> = <span title="(name: String)Symbol" class="symbol">'asymbol</span>
	<span class="keyword">val</span> <a title="Symbol" id="Literals.ss">ss</a>: <span title="Symbol">Symbol</span> = <span title="(name: String)Symbol" class="symbol">'a</span>

	<span class="keyword">val</span> <a title="Char" id="Literals.h">h</a> = <span title="Char('c')" class="char">'c'</span>
	<span class="keyword">val</span> <a title="Char" id="Literals.hh">hh</a>: <span title="Char">Char</span> = <span title="Char('c')" class="char">'c'</span>
<span class="delimiter">}</span>
        </pre>
    </body>
</html>
