<?xml version="1.0" encoding="utf-8"?>
<!DOCTYPE html PUBLIC "-//W3C//DTD XHTML 1.0 Transitional//EN" "http://www.w3.org/TR/xhtml1/DTD/xhtml1-transitional.dtd">
<html xmlns="http://www.w3.org/1999/xhtml">
    <head>
        <meta http-equiv="Content-Type" content="text/html;charset=utf-8" ></meta>
        <title>NestedDefs.scala</title>
        <script type="text/javascript" src="jquery-all.js"></script>
        <script type="text/javascript" src="linked.js"></script>
        <link rel="stylesheet" type="text/css" href="style.css" title="Style"></link>
    </head>
    <body>
        <pre>
<span class="keyword">object</span> <a title="NestedDefs.type" id="NestedDefs">NestedDefs</a>
<a href="#NestedDefs" title="NestedDefs.type" class="delimiter">{</a>
	<span class="keyword">object</span> <a title="NestedDefs.K.type" id="NestedDefs.K">K</a> <a href="#NestedDefs.K" title="NestedDefs.K.type" class="delimiter">{</a>
		<span class="keyword">object</span> <a title="NestedDefs.K.K2.type" id="NestedDefs.K.K2">K2</a>
		<span class="keyword">class</span> <a title="class K3 extends AnyRef" id="NestedDefs.K;K3">K3</a>
		<span class="keyword">lazy</span> <span class="keyword">val</span> <a title="=&gt; String" id="NestedDefs.K.k4">k4</a> = <span class="delimiter">{</span>
			<span class="keyword">def</span> <a title="=&gt; String" id="NestedDefs.K.k4.c">c</a> = <span title="String(&quot;asdf&quot;)" class="string">&quot;asdf&quot;</span>
			<span class="keyword">lazy</span> <span class="keyword">val</span> <a title="=&gt; String" id="NestedDefs.K.k4.k5">k5</a> = <span title="String(&quot;jkl&quot;)" class="string">&quot;jkl&quot;</span>
			<span class="keyword">object</span> <a title="K6.type" id="NestedDefs.K.k4.K6">K6</a> <a href="#NestedDefs.K.k4;K6" title="K6.type" class="delimiter">{</a>
				<span class="keyword">class</span> <a title="class K7 extends AnyRef" id="NestedDefs.K.k4;K6;K7">K7</a>
			<a href="#NestedDefs.K.k4;K6;K7" title="AnyRef" class="delimiter">}</a>
			<a href="#NestedDefs.K.k4.c" title="=&gt; String">c</a> <span title="(x$1: Any)String">+</span> <a href="#NestedDefs.K.k4.k5" title="=&gt; String">k5</a> <span title="(x$1: Any)String">+</span> <span class="delimiter">(</span><span title="K6.K7" class="keyword">new</span> <a href="#NestedDefs.K.k4.K6" title="K6.type">K6</a>.<a href="#NestedDefs.K.k4;K6;K7" title="K6.K7">K7</a><span class="delimiter">)</span>.<span title="()Int">hashCode</span>
		<span class="delimiter">}</span>
	<span class="delimiter">}</span>

  <span class="comment">// test case class usage within a method</span>
  <span class="keyword">def</span> <a title="(x: Int)Result forSome { type Result &lt;: Product with Serializable{val i: Int; def copy(i: Int): Result; def copy$default$1: Int} }" id="NestedDefs.foo">foo</a><span class="delimiter">(</span><a title="Int" id="NestedDefs.foo.x">x</a> : <span title="Int">Int</span><span class="delimiter">)</span> = <span class="delimiter">{</span>
    <span class="keyword">case class</span> <a title="class Result extends AnyRef with Product with Serializable" id="NestedDefs.foo;Result">Result</a><a href="#NestedDefs.foo;Result" title="Product" class="delimiter">(</a><a title="Int" id="NestedDefs.foo;Result.i">i</a> : <span title="Int">Int</span><span class="delimiter">)</span>
    <a href="#NestedDefs.foo;Result" title="(i: Int)Result">Result</a><span class="delimiter">(</span><a href="#NestedDefs.foo.x" title="Int">x</a><span class="delimiter">)</span>
  <span class="delimiter">}</span>
<span class="delimiter">}</span>
        </pre>
    </body>
</html>
