<?xml version="1.0" encoding="utf-8"?>
<!DOCTYPE html PUBLIC "-//W3C//DTD XHTML 1.0 Transitional//EN" "http://www.w3.org/TR/xhtml1/DTD/xhtml1-transitional.dtd">
<html xmlns="http://www.w3.org/1999/xhtml">
    <head>
        <meta http-equiv="Content-Type" content="text/html;charset=utf-8" ></meta>
        <title>Q.scala</title>
        <script type="text/javascript" src="jquery-1.10.2.js"></script>
        <script type="text/javascript" src="jquery-scrollto-1.4.9.js"></script>
        <script type="text/javascript" src="jquery-qtip2-2.2.0.js"></script>
        <script type="text/javascript" src="linked.js"></script>
        <link rel="stylesheet" type="text/css" href="style.css" title="Style"></link>
        <link rel="stylesheet" type="text/css" href="jquery-qtip2-css-2.2.0.css" title="Style"></link>
    </head>
    <body>
        <pre>
<span class="keyword">case class</span> <a title="class B extends AnyRef with Product with Serializable" id="B.readResolve">B</a><a href="#B.readResolve" title="Product" class="delimiter">(</a><a title="Int" id=";B.xyz">xyz</a>: <span title="Int">Int</span><span class="delimiter">)</span>
<span class="keyword">trait</span> <a title="trait Q extends AnyRef" id=";Q">Q</a> <span title="Unit" class="delimiter">{</span>
	<span class="keyword">def</span> <a title="(i: Int)Int" id=";Q.m">m</a><span class="delimiter">(</span><a title="Int" id=";Q.m.i">i</a>: <span title="Int">Int</span><span class="delimiter">)</span> = <a href="#;Q.m.i" title="Int">i</a>
	<span class="keyword">def</span> <a title="(a: Int, b: Int)Int" id=";Q.m2">m2</a><span class="delimiter">(</span><a title="Int" id=";Q.m2.a">a</a>: <span title="Int">Int</span>, <a title="Int" id=";Q.m2.b">b</a>: <span title="Int">Int</span><span class="delimiter">)</span> = <a href="#;Q.m2.a" title="Int">a</a> <span title="(x: Int)Int">+</span> <a href="#;Q.m2.b" title="Int">b</a>
	<span class="keyword">def</span> <a title="=&gt; Q" id=";Q.self">self</a> = <a href="#;Q" title="Q" class="keyword">this</a>
<span class="delimiter">}</span>


        </pre>
    </body>
</html>
