<?xml version="1.0" encoding="utf-8"?>
<!DOCTYPE html PUBLIC "-//W3C//DTD XHTML 1.0 Transitional//EN" "http://www.w3.org/TR/xhtml1/DTD/xhtml1-transitional.dtd">
<html xmlns="http://www.w3.org/1999/xhtml">
    <head>
        <meta http-equiv="Content-Type" content="text/html;charset=utf-8" ></meta>
        <title>XML.scala</title>
        <script type="text/javascript" src="jquery-1.10.2.js"></script>
        <script type="text/javascript" src="jquery-scrollto-1.4.9.js"></script>
        <script type="text/javascript" src="jquery-qtip2-2.2.0.js"></script>
        <script type="text/javascript" src="linked.js"></script>
        <link rel="stylesheet" type="text/css" href="style.css" title="Style"></link>
        <link rel="stylesheet" type="text/css" href="jquery-qtip2-css-2.2.0.css" title="Style"></link>
    </head>
    <body>
        <pre>
<span class="keyword">object</span> <a title="XML.type" id="XML">XML</a>
<a href="#XML" title="XML.type" class="delimiter">{</a>
	<span class="comment">// xml not highlighted because the XML parser doesn't produce tokens</span>
	<span class="keyword">val</span> <a title="scala.xml.Elem" id="XML.xx">xx</a> = &lt;script language=&quot;javascript&quot;&gt;&lt;xml:unparsed&gt;
...
elements[i].style.display = 'none';
...
    &lt;/xml:unparsed&gt;&lt;/script&gt;


	<span class="keyword">def</span> <a title="(q: Q)scala.xml.Elem" id="XML.embed">embed</a><span class="delimiter">(</span><a title="Q" id="XML.embed.q">q</a>: <a href="Q.scala.html#;Q" title="Q">Q</a><span class="delimiter">)</span> =
		<span class="delimiter">&lt;atag anAttr={</span><span title="Int(3)" class="int">3</span>.<span title="()String">toString</span><span class="delimiter">}&gt;
			&lt;nested&gt;
				{</span> <a href="#XML.embed.q" title="Q">q</a> <a href="Q.scala.html#;Q.m" title="(i: Int)Int">m</a> <span title="Int(55)" class="int">55</span> }
			&lt;/nested&gt;
		&lt;/atag&gt;
<span class="delimiter">}</span>

        </pre>
    </body>
</html>
